040 (14759992.007.000) 2026-05-29 15:43:27 Started transferring input files
	Transferring to host: <172.30.1.216:9618?addrs=172.30.1.216-9618&alias=node-w16.localdomain&noUDP&sock=slot1_6_3754991_9a11_14204>
...
040 (14759992.007.000) 2026-05-29 15:43:27 Finished transferring input files
...
001 (14759992.007.000) 2026-05-29 15:43:28 Job executing on host: <172.30.1.216:9618?addrs=172.30.1.216-9618&alias=node-w16.localdomain&noUDP&sock=startd_3754957_c1ad>
	SlotName: slot1_6@node-w16.localdomain
	CondorScratchDir = "/var/lib/condor/execute/dir_1159452"
	Cpus = 1
	Disk = 2098176
	GPUs = 0
	Memory = 2048
...
006 (14759992.007.000) 2026-05-29 15:43:41 Image size of job updated: 34084
	34  -  MemoryUsage of job (MB)
	34084  -  ResidentSetSize of job (KB)
...
006 (14759992.007.000) 2026-05-29 15:48:41 Image size of job updated: 35200
	35  -  MemoryUsage of job (MB)
	35200  -  ResidentSetSize of job (KB)
...
006 (14759992.007.000) 2026-05-29 15:53:41 Image size of job updated: 35600
	35  -  MemoryUsage of job (MB)
	35600  -  ResidentSetSize of job (KB)
...
006 (14759992.007.000) 2026-05-29 15:56:37 Image size of job updated: 35612
	35  -  MemoryUsage of job (MB)
	35600  -  ResidentSetSize of job (KB)
...
040 (14759992.007.000) 2026-05-29 15:56:37 Started transferring output files
...
040 (14759992.007.000) 2026-05-29 15:56:37 Finished transferring output files
...
005 (14759992.007.000) 2026-05-29 15:56:37 Job terminated.
	(1) Normal termination (return value 0)
		Usr 0 00:12:58, Sys 0 00:00:00  -  Run Remote Usage
		Usr 0 00:00:00, Sys 0 00:00:00  -  Run Local Usage
		Usr 0 00:12:58, Sys 0 00:00:00  -  Total Remote Usage
		Usr 0 00:00:00, Sys 0 00:00:00  -  Total Local Usage
	163127  -  Run Bytes Sent By Job
	715  -  Run Bytes Received By Job
	163127  -  Total Bytes Sent By Job
	715  -  Total Bytes Received By Job
	Partitionable Resources :    Usage  Request Allocated 
	   Cpus                 :     1.00        1         1 
	   Disk (KB)            :   219     2097152   2098176 
	   GPUs                 :                           0 
	   Memory (MB)          :    35        2048      2048 
	   TimeExecute (s)      :   789                       
	   TimeSlotBusy (s)     :   790                       

	Job terminated of its own accord at 2026-05-29T06:56:37Z with exit-code 0.
...
