000 (14759994.000.000) 2026-05-29 16:43:45 Job submitted from host: <172.30.1.200:9618?addrs=172.30.1.200-9618&alias=tamsa2&noUDP&sock=schedd_2474_8965>
...
000 (14759994.001.000) 2026-05-29 16:43:45 Job submitted from host: <172.30.1.200:9618?addrs=172.30.1.200-9618&alias=tamsa2&noUDP&sock=schedd_2474_8965>
...
000 (14759994.002.000) 2026-05-29 16:43:45 Job submitted from host: <172.30.1.200:9618?addrs=172.30.1.200-9618&alias=tamsa2&noUDP&sock=schedd_2474_8965>
...
000 (14759994.003.000) 2026-05-29 16:43:45 Job submitted from host: <172.30.1.200:9618?addrs=172.30.1.200-9618&alias=tamsa2&noUDP&sock=schedd_2474_8965>
...
000 (14759994.004.000) 2026-05-29 16:43:45 Job submitted from host: <172.30.1.200:9618?addrs=172.30.1.200-9618&alias=tamsa2&noUDP&sock=schedd_2474_8965>
...
000 (14759994.005.000) 2026-05-29 16:43:45 Job submitted from host: <172.30.1.200:9618?addrs=172.30.1.200-9618&alias=tamsa2&noUDP&sock=schedd_2474_8965>
...
000 (14759994.006.000) 2026-05-29 16:43:45 Job submitted from host: <172.30.1.200:9618?addrs=172.30.1.200-9618&alias=tamsa2&noUDP&sock=schedd_2474_8965>
...
000 (14759994.007.000) 2026-05-29 16:43:45 Job submitted from host: <172.30.1.200:9618?addrs=172.30.1.200-9618&alias=tamsa2&noUDP&sock=schedd_2474_8965>
...
000 (14759994.008.000) 2026-05-29 16:43:45 Job submitted from host: <172.30.1.200:9618?addrs=172.30.1.200-9618&alias=tamsa2&noUDP&sock=schedd_2474_8965>
...
000 (14759994.009.000) 2026-05-29 16:43:45 Job submitted from host: <172.30.1.200:9618?addrs=172.30.1.200-9618&alias=tamsa2&noUDP&sock=schedd_2474_8965>
...
040 (14759994.000.000) 2026-05-29 16:43:46 Started transferring input files
	Transferring to host: <172.30.1.216:9618?addrs=172.30.1.216-9618&alias=node-w16.localdomain&noUDP&sock=slot1_6_3754991_9a11_14215>
...
040 (14759994.000.000) 2026-05-29 16:43:46 Finished transferring input files
...
040 (14759994.001.000) 2026-05-29 16:43:46 Started transferring input files
	Transferring to host: <172.30.1.216:9618?addrs=172.30.1.216-9618&alias=node-w16.localdomain&noUDP&sock=slot1_8_3754991_9a11_14216>
...
040 (14759994.001.000) 2026-05-29 16:43:46 Finished transferring input files
...
040 (14759994.003.000) 2026-05-29 16:43:46 Started transferring input files
	Transferring to host: <172.30.1.216:9618?addrs=172.30.1.216-9618&alias=node-w16.localdomain&noUDP&sock=slot1_9_3754991_9a11_14217>
...
040 (14759994.003.000) 2026-05-29 16:43:46 Finished transferring input files
...
040 (14759994.004.000) 2026-05-29 16:43:46 Started transferring input files
	Transferring to host: <172.30.1.216:9618?addrs=172.30.1.216-9618&alias=node-w16.localdomain&noUDP&sock=slot1_10_3754991_9a11_14218>
...
040 (14759994.004.000) 2026-05-29 16:43:46 Finished transferring input files
...
040 (14759994.006.000) 2026-05-29 16:43:46 Started transferring input files
	Transferring to host: <172.30.1.216:9618?addrs=172.30.1.216-9618&alias=node-w16.localdomain&noUDP&sock=slot1_12_3754991_9a11_14219>
...
040 (14759994.006.000) 2026-05-29 16:43:46 Finished transferring input files
...
040 (14759994.002.000) 2026-05-29 16:43:46 Started transferring input files
	Transferring to host: <172.30.1.216:9618?addrs=172.30.1.216-9618&alias=node-w16.localdomain&noUDP&sock=slot1_13_3754991_9a11_14220>
...
040 (14759994.002.000) 2026-05-29 16:43:46 Finished transferring input files
...
040 (14759994.008.000) 2026-05-29 16:43:46 Started transferring input files
	Transferring to host: <172.30.1.216:9618?addrs=172.30.1.216-9618&alias=node-w16.localdomain&noUDP&sock=slot1_14_3754991_9a11_14221>
...
040 (14759994.008.000) 2026-05-29 16:43:46 Finished transferring input files
...
040 (14759994.009.000) 2026-05-29 16:43:46 Started transferring input files
	Transferring to host: <172.30.1.216:9618?addrs=172.30.1.216-9618&alias=node-w16.localdomain&noUDP&sock=slot1_15_3754991_9a11_14222>
...
040 (14759994.009.000) 2026-05-29 16:43:46 Finished transferring input files
...
001 (14759994.001.000) 2026-05-29 16:43:47 Job executing on host: <172.30.1.216:9618?addrs=172.30.1.216-9618&alias=node-w16.localdomain&noUDP&sock=startd_3754957_c1ad>
	SlotName: slot1_8@node-w16.localdomain
	CondorScratchDir = "/var/lib/condor/execute/dir_1162868"
	Cpus = 1
	Disk = 2098176
	GPUs = 0
	Memory = 2048
...
001 (14759994.000.000) 2026-05-29 16:43:47 Job executing on host: <172.30.1.216:9618?addrs=172.30.1.216-9618&alias=node-w16.localdomain&noUDP&sock=startd_3754957_c1ad>
	SlotName: slot1_6@node-w16.localdomain
	CondorScratchDir = "/var/lib/condor/execute/dir_1162867"
	Cpus = 1
	Disk = 2098176
	GPUs = 0
	Memory = 2048
...
001 (14759994.002.000) 2026-05-29 16:43:47 Job executing on host: <172.30.1.216:9618?addrs=172.30.1.216-9618&alias=node-w16.localdomain&noUDP&sock=startd_3754957_c1ad>
	SlotName: slot1_13@node-w16.localdomain
	CondorScratchDir = "/var/lib/condor/execute/dir_1162877"
	Cpus = 1
	Disk = 2098176
	GPUs = 0
	Memory = 2048
...
001 (14759994.003.000) 2026-05-29 16:43:47 Job executing on host: <172.30.1.216:9618?addrs=172.30.1.216-9618&alias=node-w16.localdomain&noUDP&sock=startd_3754957_c1ad>
	SlotName: slot1_9@node-w16.localdomain
	CondorScratchDir = "/var/lib/condor/execute/dir_1162870"
	Cpus = 1
	Disk = 2098176
	GPUs = 0
	Memory = 2048
...
001 (14759994.006.000) 2026-05-29 16:43:47 Job executing on host: <172.30.1.216:9618?addrs=172.30.1.216-9618&alias=node-w16.localdomain&noUDP&sock=startd_3754957_c1ad>
	SlotName: slot1_12@node-w16.localdomain
	CondorScratchDir = "/var/lib/condor/execute/dir_1162874"
	Cpus = 1
	Disk = 2098176
	GPUs = 0
	Memory = 2048
...
001 (14759994.008.000) 2026-05-29 16:43:47 Job executing on host: <172.30.1.216:9618?addrs=172.30.1.216-9618&alias=node-w16.localdomain&noUDP&sock=startd_3754957_c1ad>
	SlotName: slot1_14@node-w16.localdomain
	CondorScratchDir = "/var/lib/condor/execute/dir_1162878"
	Cpus = 1
	Disk = 2098176
	GPUs = 0
	Memory = 2048
...
001 (14759994.004.000) 2026-05-29 16:43:47 Job executing on host: <172.30.1.216:9618?addrs=172.30.1.216-9618&alias=node-w16.localdomain&noUDP&sock=startd_3754957_c1ad>
	SlotName: slot1_10@node-w16.localdomain
	CondorScratchDir = "/var/lib/condor/execute/dir_1162872"
	Cpus = 1
	Disk = 2098176
	GPUs = 0
	Memory = 2048
...
001 (14759994.009.000) 2026-05-29 16:43:47 Job executing on host: <172.30.1.216:9618?addrs=172.30.1.216-9618&alias=node-w16.localdomain&noUDP&sock=startd_3754957_c1ad>
	SlotName: slot1_15@node-w16.localdomain
	CondorScratchDir = "/var/lib/condor/execute/dir_1162880"
	Cpus = 1
	Disk = 2098176
	GPUs = 0
	Memory = 2048
...
006 (14759994.002.000) 2026-05-29 16:44:01 Image size of job updated: 34468
	34  -  MemoryUsage of job (MB)
	34468  -  ResidentSetSize of job (KB)
...
006 (14759994.003.000) 2026-05-29 16:44:01 Image size of job updated: 34564
	34  -  MemoryUsage of job (MB)
	34564  -  ResidentSetSize of job (KB)
...
006 (14759994.000.000) 2026-05-29 16:44:01 Image size of job updated: 34092
	34  -  MemoryUsage of job (MB)
	34092  -  ResidentSetSize of job (KB)
...
006 (14759994.001.000) 2026-05-29 16:44:01 Image size of job updated: 34368
	34  -  MemoryUsage of job (MB)
	34368  -  ResidentSetSize of job (KB)
...
006 (14759994.004.000) 2026-05-29 16:44:01 Image size of job updated: 34056
	34  -  MemoryUsage of job (MB)
	34056  -  ResidentSetSize of job (KB)
...
006 (14759994.006.000) 2026-05-29 16:44:01 Image size of job updated: 34092
	34  -  MemoryUsage of job (MB)
	34092  -  ResidentSetSize of job (KB)
...
006 (14759994.008.000) 2026-05-29 16:44:01 Image size of job updated: 34328
	34  -  MemoryUsage of job (MB)
	34328  -  ResidentSetSize of job (KB)
...
006 (14759994.009.000) 2026-05-29 16:44:01 Image size of job updated: 34456
	34  -  MemoryUsage of job (MB)
	34456  -  ResidentSetSize of job (KB)
...
040 (14759994.005.000) 2026-05-29 16:44:45 Started transferring input files
	Transferring to host: <172.30.1.216:9618?addrs=172.30.1.216-9618&alias=node-w16.localdomain&noUDP&sock=slot1_16_3754991_9a11_14223>
...
040 (14759994.005.000) 2026-05-29 16:44:45 Finished transferring input files
...
040 (14759994.007.000) 2026-05-29 16:44:45 Started transferring input files
	Transferring to host: <172.30.1.216:9618?addrs=172.30.1.216-9618&alias=node-w16.localdomain&noUDP&sock=slot1_18_3754991_9a11_14224>
...
040 (14759994.007.000) 2026-05-29 16:44:45 Finished transferring input files
...
001 (14759994.005.000) 2026-05-29 16:44:46 Job executing on host: <172.30.1.216:9618?addrs=172.30.1.216-9618&alias=node-w16.localdomain&noUDP&sock=startd_3754957_c1ad>
	SlotName: slot1_16@node-w16.localdomain
	CondorScratchDir = "/var/lib/condor/execute/dir_1164630"
	Cpus = 1
	Disk = 2098176
	GPUs = 0
	Memory = 2048
...
001 (14759994.007.000) 2026-05-29 16:44:46 Job executing on host: <172.30.1.216:9618?addrs=172.30.1.216-9618&alias=node-w16.localdomain&noUDP&sock=startd_3754957_c1ad>
	SlotName: slot1_18@node-w16.localdomain
	CondorScratchDir = "/var/lib/condor/execute/dir_1164631"
	Cpus = 1
	Disk = 2098176
	GPUs = 0
	Memory = 2048
...
006 (14759994.005.000) 2026-05-29 16:45:00 Image size of job updated: 34228
	34  -  MemoryUsage of job (MB)
	34228  -  ResidentSetSize of job (KB)
...
006 (14759994.007.000) 2026-05-29 16:45:00 Image size of job updated: 34328
	34  -  MemoryUsage of job (MB)
	34328  -  ResidentSetSize of job (KB)
...
006 (14759994.001.000) 2026-05-29 16:49:02 Image size of job updated: 35340
	35  -  MemoryUsage of job (MB)
	35340  -  ResidentSetSize of job (KB)
...
006 (14759994.000.000) 2026-05-29 16:49:02 Image size of job updated: 35384
	35  -  MemoryUsage of job (MB)
	35384  -  ResidentSetSize of job (KB)
...
006 (14759994.002.000) 2026-05-29 16:49:02 Image size of job updated: 35204
	35  -  MemoryUsage of job (MB)
	35204  -  ResidentSetSize of job (KB)
...
006 (14759994.003.000) 2026-05-29 16:49:02 Image size of job updated: 35356
	35  -  MemoryUsage of job (MB)
	35356  -  ResidentSetSize of job (KB)
...
006 (14759994.004.000) 2026-05-29 16:49:02 Image size of job updated: 35232
	35  -  MemoryUsage of job (MB)
	35232  -  ResidentSetSize of job (KB)
...
006 (14759994.006.000) 2026-05-29 16:49:02 Image size of job updated: 35320
	35  -  MemoryUsage of job (MB)
	35320  -  ResidentSetSize of job (KB)
...
006 (14759994.009.000) 2026-05-29 16:49:02 Image size of job updated: 35480
	35  -  MemoryUsage of job (MB)
	35480  -  ResidentSetSize of job (KB)
...
006 (14759994.008.000) 2026-05-29 16:49:02 Image size of job updated: 35488
	35  -  MemoryUsage of job (MB)
	35488  -  ResidentSetSize of job (KB)
...
006 (14759994.005.000) 2026-05-29 16:50:01 Image size of job updated: 35128
	35  -  MemoryUsage of job (MB)
	35128  -  ResidentSetSize of job (KB)
...
006 (14759994.007.000) 2026-05-29 16:50:01 Image size of job updated: 35504
	35  -  MemoryUsage of job (MB)
	35504  -  ResidentSetSize of job (KB)
...
006 (14759994.008.000) 2026-05-29 16:54:03 Image size of job updated: 35644
	35  -  MemoryUsage of job (MB)
	35644  -  ResidentSetSize of job (KB)
...
006 (14759994.001.000) 2026-05-29 16:54:03 Image size of job updated: 35528
	35  -  MemoryUsage of job (MB)
	35528  -  ResidentSetSize of job (KB)
...
006 (14759994.000.000) 2026-05-29 16:54:03 Image size of job updated: 35800
	35  -  MemoryUsage of job (MB)
	35800  -  ResidentSetSize of job (KB)
...
006 (14759994.006.000) 2026-05-29 16:54:03 Image size of job updated: 35584
	35  -  MemoryUsage of job (MB)
	35584  -  ResidentSetSize of job (KB)
...
006 (14759994.002.000) 2026-05-29 16:54:03 Image size of job updated: 35720
	35  -  MemoryUsage of job (MB)
	35720  -  ResidentSetSize of job (KB)
...
006 (14759994.004.000) 2026-05-29 16:54:03 Image size of job updated: 35404
	35  -  MemoryUsage of job (MB)
	35404  -  ResidentSetSize of job (KB)
...
006 (14759994.009.000) 2026-05-29 16:54:03 Image size of job updated: 35592
	35  -  MemoryUsage of job (MB)
	35592  -  ResidentSetSize of job (KB)
...
006 (14759994.003.000) 2026-05-29 16:54:03 Image size of job updated: 35484
	35  -  MemoryUsage of job (MB)
	35484  -  ResidentSetSize of job (KB)
...
006 (14759994.005.000) 2026-05-29 16:55:02 Image size of job updated: 35256
	35  -  MemoryUsage of job (MB)
	35256  -  ResidentSetSize of job (KB)
...
006 (14759994.007.000) 2026-05-29 16:55:02 Image size of job updated: 35552
	35  -  MemoryUsage of job (MB)
	35552  -  ResidentSetSize of job (KB)
...
006 (14759994.000.000) 2026-05-29 16:59:03 Image size of job updated: 35872
	36  -  MemoryUsage of job (MB)
	35872  -  ResidentSetSize of job (KB)
...
006 (14759994.008.000) 2026-05-29 16:59:03 Image size of job updated: 35872
	36  -  MemoryUsage of job (MB)
	35872  -  ResidentSetSize of job (KB)
...
006 (14759994.004.000) 2026-05-29 16:59:03 Image size of job updated: 35708
	35  -  MemoryUsage of job (MB)
	35708  -  ResidentSetSize of job (KB)
...
006 (14759994.006.000) 2026-05-29 16:59:03 Image size of job updated: 35980
	36  -  MemoryUsage of job (MB)
	35980  -  ResidentSetSize of job (KB)
...
006 (14759994.003.000) 2026-05-29 16:59:03 Image size of job updated: 35736
	35  -  MemoryUsage of job (MB)
	35736  -  ResidentSetSize of job (KB)
...
006 (14759994.001.000) 2026-05-29 16:59:03 Image size of job updated: 35744
	35  -  MemoryUsage of job (MB)
	35744  -  ResidentSetSize of job (KB)
...
006 (14759994.002.000) 2026-05-29 16:59:03 Image size of job updated: 35800
	35  -  MemoryUsage of job (MB)
	35800  -  ResidentSetSize of job (KB)
...
006 (14759994.009.000) 2026-05-29 16:59:03 Image size of job updated: 35744
	35  -  MemoryUsage of job (MB)
	35744  -  ResidentSetSize of job (KB)
...
006 (14759994.005.000) 2026-05-29 17:00:02 Image size of job updated: 35604
	35  -  MemoryUsage of job (MB)
	35604  -  ResidentSetSize of job (KB)
...
006 (14759994.007.000) 2026-05-29 17:00:02 Image size of job updated: 35836
	35  -  MemoryUsage of job (MB)
	35836  -  ResidentSetSize of job (KB)
...
006 (14759994.002.000) 2026-05-29 17:02:24 Image size of job updated: 35820
	35  -  MemoryUsage of job (MB)
	35800  -  ResidentSetSize of job (KB)
...
040 (14759994.002.000) 2026-05-29 17:02:25 Started transferring output files
...
040 (14759994.002.000) 2026-05-29 17:02:25 Finished transferring output files
...
005 (14759994.002.000) 2026-05-29 17:02:25 Job terminated.
	(1) Normal termination (return value 0)
		Usr 0 00:18:25, Sys 0 00:00:00  -  Run Remote Usage
		Usr 0 00:00:00, Sys 0 00:00:00  -  Run Local Usage
		Usr 0 00:18:25, Sys 0 00:00:00  -  Total Remote Usage
		Usr 0 00:00:00, Sys 0 00:00:00  -  Total Local Usage
	174974  -  Run Bytes Sent By Job
	715  -  Run Bytes Received By Job
	174974  -  Total Bytes Sent By Job
	715  -  Total Bytes Received By Job
	Partitionable Resources :    Usage  Request Allocated 
	   Cpus                 :     0.99        1         1 
	   Disk (KB)            :   230     2097152   2098176 
	   GPUs                 :                           0 
	   Memory (MB)          :    35        2048      2048 
	   TimeExecute (s)      :  1117                       
	   TimeSlotBusy (s)     :  1119                       

	Job terminated of its own accord at 2026-05-29T08:02:24Z with exit-code 0.
...
006 (14759994.000.000) 2026-05-29 17:03:27 Image size of job updated: 36088
	36  -  MemoryUsage of job (MB)
	35872  -  ResidentSetSize of job (KB)
...
040 (14759994.000.000) 2026-05-29 17:03:27 Started transferring output files
...
040 (14759994.000.000) 2026-05-29 17:03:27 Finished transferring output files
...
005 (14759994.000.000) 2026-05-29 17:03:27 Job terminated.
	(1) Normal termination (return value 0)
		Usr 0 00:19:27, Sys 0 00:00:00  -  Run Remote Usage
		Usr 0 00:00:00, Sys 0 00:00:00  -  Run Local Usage
		Usr 0 00:19:27, Sys 0 00:00:00  -  Total Remote Usage
		Usr 0 00:00:00, Sys 0 00:00:00  -  Total Local Usage
	179487  -  Run Bytes Sent By Job
	715  -  Run Bytes Received By Job
	179487  -  Total Bytes Sent By Job
	715  -  Total Bytes Received By Job
	Partitionable Resources :    Usage  Request Allocated 
	   Cpus                 :     0.99        1         1 
	   Disk (KB)            :   234     2097152   2098176 
	   GPUs                 :                           0 
	   Memory (MB)          :    36        2048      2048 
	   TimeExecute (s)      :  1180                       
	   TimeSlotBusy (s)     :  1181                       

	Job terminated of its own accord at 2026-05-29T08:03:27Z with exit-code 0.
...
006 (14759994.003.000) 2026-05-29 17:04:03 Image size of job updated: 35764
	35  -  MemoryUsage of job (MB)
	35764  -  ResidentSetSize of job (KB)
...
006 (14759994.006.000) 2026-05-29 17:04:03 Image size of job updated: 36056
	36  -  MemoryUsage of job (MB)
	36056  -  ResidentSetSize of job (KB)
...
006 (14759994.004.000) 2026-05-29 17:04:03 Image size of job updated: 35748
	35  -  MemoryUsage of job (MB)
	35748  -  ResidentSetSize of job (KB)
...
006 (14759994.009.000) 2026-05-29 17:04:03 Image size of job updated: 35864
	36  -  MemoryUsage of job (MB)
	35864  -  ResidentSetSize of job (KB)
...
006 (14759994.001.000) 2026-05-29 17:04:03 Image size of job updated: 35856
	36  -  MemoryUsage of job (MB)
	35856  -  ResidentSetSize of job (KB)
...
040 (14759994.008.000) 2026-05-29 17:04:10 Started transferring output files
...
040 (14759994.008.000) 2026-05-29 17:04:10 Finished transferring output files
...
005 (14759994.008.000) 2026-05-29 17:04:10 Job terminated.
	(1) Normal termination (return value 0)
		Usr 0 00:20:09, Sys 0 00:00:00  -  Run Remote Usage
		Usr 0 00:00:00, Sys 0 00:00:00  -  Run Local Usage
		Usr 0 00:20:09, Sys 0 00:00:00  -  Total Remote Usage
		Usr 0 00:00:00, Sys 0 00:00:00  -  Total Local Usage
	175531  -  Run Bytes Sent By Job
	715  -  Run Bytes Received By Job
	175531  -  Total Bytes Sent By Job
	715  -  Total Bytes Received By Job
	Partitionable Resources :    Usage  Request Allocated 
	   Cpus                 :     0.99        1         1 
	   Disk (KB)            :   231     2097152   2098176 
	   GPUs                 :                           0 
	   Memory (MB)          :    36        2048      2048 
	   TimeExecute (s)      :  1223                       
	   TimeSlotBusy (s)     :  1224                       

	Job terminated of its own accord at 2026-05-29T08:04:10Z with exit-code 0.
...
006 (14759994.007.000) 2026-05-29 17:04:26 Image size of job updated: 35864
	35  -  MemoryUsage of job (MB)
	35836  -  ResidentSetSize of job (KB)
...
040 (14759994.007.000) 2026-05-29 17:04:26 Started transferring output files
...
040 (14759994.007.000) 2026-05-29 17:04:26 Finished transferring output files
...
005 (14759994.007.000) 2026-05-29 17:04:26 Job terminated.
	(1) Normal termination (return value 0)
		Usr 0 00:19:27, Sys 0 00:00:00  -  Run Remote Usage
		Usr 0 00:00:00, Sys 0 00:00:00  -  Run Local Usage
		Usr 0 00:19:27, Sys 0 00:00:00  -  Total Remote Usage
		Usr 0 00:00:00, Sys 0 00:00:00  -  Total Local Usage
	175106  -  Run Bytes Sent By Job
	715  -  Run Bytes Received By Job
	175106  -  Total Bytes Sent By Job
	715  -  Total Bytes Received By Job
	Partitionable Resources :    Usage  Request Allocated 
	   Cpus                 :     0.99        1         1 
	   Disk (KB)            :   230     2097152   2098176 
	   GPUs                 :                           0 
	   Memory (MB)          :    35        2048      2048 
	   TimeExecute (s)      :  1180                       
	   TimeSlotBusy (s)     :  1181                       

	Job terminated of its own accord at 2026-05-29T08:04:26Z with exit-code 0.
...
006 (14759994.006.000) 2026-05-29 17:05:00 Image size of job updated: 36204
	36  -  MemoryUsage of job (MB)
	36056  -  ResidentSetSize of job (KB)
...
040 (14759994.006.000) 2026-05-29 17:05:00 Started transferring output files
...
040 (14759994.006.000) 2026-05-29 17:05:00 Finished transferring output files
...
005 (14759994.006.000) 2026-05-29 17:05:00 Job terminated.
	(1) Normal termination (return value 0)
		Usr 0 00:21:00, Sys 0 00:00:00  -  Run Remote Usage
		Usr 0 00:00:00, Sys 0 00:00:00  -  Run Local Usage
		Usr 0 00:21:00, Sys 0 00:00:00  -  Total Remote Usage
		Usr 0 00:00:00, Sys 0 00:00:00  -  Total Local Usage
	176653  -  Run Bytes Sent By Job
	715  -  Run Bytes Received By Job
	176653  -  Total Bytes Sent By Job
	715  -  Total Bytes Received By Job
	Partitionable Resources :    Usage  Request Allocated 
	   Cpus                 :     0.99        1         1 
	   Disk (KB)            :   232     2097152   2098176 
	   GPUs                 :                           0 
	   Memory (MB)          :    36        2048      2048 
	   TimeExecute (s)      :  1273                       
	   TimeSlotBusy (s)     :  1274                       

	Job terminated of its own accord at 2026-05-29T08:05:00Z with exit-code 0.
...
006 (14759994.005.000) 2026-05-29 17:05:03 Image size of job updated: 36000
	36  -  MemoryUsage of job (MB)
	36000  -  ResidentSetSize of job (KB)
...
040 (14759994.005.000) 2026-05-29 17:05:04 Started transferring output files
...
040 (14759994.005.000) 2026-05-29 17:05:04 Finished transferring output files
...
005 (14759994.005.000) 2026-05-29 17:05:04 Job terminated.
	(1) Normal termination (return value 0)
		Usr 0 00:20:04, Sys 0 00:00:00  -  Run Remote Usage
		Usr 0 00:00:00, Sys 0 00:00:00  -  Run Local Usage
		Usr 0 00:20:04, Sys 0 00:00:00  -  Total Remote Usage
		Usr 0 00:00:00, Sys 0 00:00:00  -  Total Local Usage
	179580  -  Run Bytes Sent By Job
	715  -  Run Bytes Received By Job
	179580  -  Total Bytes Sent By Job
	715  -  Total Bytes Received By Job
	Partitionable Resources :    Usage  Request Allocated 
	   Cpus                 :     0.99        1         1 
	   Disk (KB)            :   234     2097152   2098176 
	   GPUs                 :                           0 
	   Memory (MB)          :    36        2048      2048 
	   TimeExecute (s)      :  1218                       
	   TimeSlotBusy (s)     :  1219                       

	Job terminated of its own accord at 2026-05-29T08:05:04Z with exit-code 0.
...
006 (14759994.004.000) 2026-05-29 17:05:28 Image size of job updated: 36008
	35  -  MemoryUsage of job (MB)
	35748  -  ResidentSetSize of job (KB)
...
040 (14759994.004.000) 2026-05-29 17:05:28 Started transferring output files
...
040 (14759994.004.000) 2026-05-29 17:05:28 Finished transferring output files
...
005 (14759994.004.000) 2026-05-29 17:05:28 Job terminated.
	(1) Normal termination (return value 0)
		Usr 0 00:21:27, Sys 0 00:00:00  -  Run Remote Usage
		Usr 0 00:00:00, Sys 0 00:00:00  -  Run Local Usage
		Usr 0 00:21:27, Sys 0 00:00:00  -  Total Remote Usage
		Usr 0 00:00:00, Sys 0 00:00:00  -  Total Local Usage
	178579  -  Run Bytes Sent By Job
	715  -  Run Bytes Received By Job
	178579  -  Total Bytes Sent By Job
	715  -  Total Bytes Received By Job
	Partitionable Resources :    Usage  Request Allocated 
	   Cpus                 :     1.00        1         1 
	   Disk (KB)            :   233     2097152   2098176 
	   GPUs                 :                           0 
	   Memory (MB)          :    35        2048      2048 
	   TimeExecute (s)      :  1301                       
	   TimeSlotBusy (s)     :  1302                       

	Job terminated of its own accord at 2026-05-29T08:05:28Z with exit-code 0.
...
040 (14759994.001.000) 2026-05-29 17:05:44 Started transferring output files
...
040 (14759994.001.000) 2026-05-29 17:05:44 Finished transferring output files
...
005 (14759994.001.000) 2026-05-29 17:05:44 Job terminated.
	(1) Normal termination (return value 0)
		Usr 0 00:21:43, Sys 0 00:00:00  -  Run Remote Usage
		Usr 0 00:00:00, Sys 0 00:00:00  -  Run Local Usage
		Usr 0 00:21:43, Sys 0 00:00:00  -  Total Remote Usage
		Usr 0 00:00:00, Sys 0 00:00:00  -  Total Local Usage
	176114  -  Run Bytes Sent By Job
	715  -  Run Bytes Received By Job
	176114  -  Total Bytes Sent By Job
	715  -  Total Bytes Received By Job
	Partitionable Resources :    Usage  Request Allocated 
	   Cpus                 :     0.99        1         1 
	   Disk (KB)            :   231     2097152   2098176 
	   GPUs                 :                           0 
	   Memory (MB)          :    36        2048      2048 
	   TimeExecute (s)      :  1317                       
	   TimeSlotBusy (s)     :  1318                       

	Job terminated of its own accord at 2026-05-29T08:05:44Z with exit-code 0.
...
006 (14759994.009.000) 2026-05-29 17:05:48 Image size of job updated: 36016
	36  -  MemoryUsage of job (MB)
	35864  -  ResidentSetSize of job (KB)
...
040 (14759994.009.000) 2026-05-29 17:05:48 Started transferring output files
...
040 (14759994.009.000) 2026-05-29 17:05:48 Finished transferring output files
...
005 (14759994.009.000) 2026-05-29 17:05:48 Job terminated.
	(1) Normal termination (return value 0)
		Usr 0 00:21:46, Sys 0 00:00:00  -  Run Remote Usage
		Usr 0 00:00:00, Sys 0 00:00:00  -  Run Local Usage
		Usr 0 00:21:46, Sys 0 00:00:00  -  Total Remote Usage
		Usr 0 00:00:00, Sys 0 00:00:00  -  Total Local Usage
	178718  -  Run Bytes Sent By Job
	715  -  Run Bytes Received By Job
	178718  -  Total Bytes Sent By Job
	715  -  Total Bytes Received By Job
	Partitionable Resources :    Usage  Request Allocated 
	   Cpus                 :     0.99        1         1 
	   Disk (KB)            :   234     2097152   2098176 
	   GPUs                 :                           0 
	   Memory (MB)          :    36        2048      2048 
	   TimeExecute (s)      :  1321                       
	   TimeSlotBusy (s)     :  1322                       

	Job terminated of its own accord at 2026-05-29T08:05:48Z with exit-code 0.
...
006 (14759994.003.000) 2026-05-29 17:09:04 Image size of job updated: 35772
	35  -  MemoryUsage of job (MB)
	35772  -  ResidentSetSize of job (KB)
...
006 (14759994.003.000) 2026-05-29 17:13:31 Image size of job updated: 35996
	35  -  MemoryUsage of job (MB)
	35772  -  ResidentSetSize of job (KB)
...
040 (14759994.003.000) 2026-05-29 17:13:31 Started transferring output files
...
040 (14759994.003.000) 2026-05-29 17:13:31 Finished transferring output files
...
005 (14759994.003.000) 2026-05-29 17:13:31 Job terminated.
	(1) Normal termination (return value 0)
		Usr 0 00:29:27, Sys 0 00:00:00  -  Run Remote Usage
		Usr 0 00:00:00, Sys 0 00:00:00  -  Run Local Usage
		Usr 0 00:29:27, Sys 0 00:00:00  -  Total Remote Usage
		Usr 0 00:00:00, Sys 0 00:00:00  -  Total Local Usage
	178750  -  Run Bytes Sent By Job
	715  -  Run Bytes Received By Job
	178750  -  Total Bytes Sent By Job
	715  -  Total Bytes Received By Job
	Partitionable Resources :    Usage  Request Allocated 
	   Cpus                 :     0.99        1         1 
	   Disk (KB)            :   234     2097152   2098176 
	   GPUs                 :                           0 
	   Memory (MB)          :    35        2048      2048 
	   TimeExecute (s)      :  1784                       
	   TimeSlotBusy (s)     :  1785                       

	Job terminated of its own accord at 2026-05-29T08:13:31Z with exit-code 0.
...
